Program Version,EnergyPlus, Version 9.5.0-de239b2e5f, YMD=2024.04.29 20:01,
   ************* Beginning Zone Sizing Calculations
   ** Warning ** RunPeriod: object=RUN PERIOD 1, start weekday (TUESDAY) does not match the start year (2022), corrected to SATURDAY.
   ** Warning ** Site:GroundTemperature:BuildingSurface: Some values fall outside the range of 15-25C.
   **   ~~~   ** These values may be inappropriate.  Please consult the Input Output Reference for more details.
   ** Warning ** ProcessScheduleInput: Schedule:Compact="ACTIVITY-SCHEDULE-BEDROOM", Blank Schedule Type Limits Name input -- will not be validated.
   ** Warning ** ProcessScheduleInput: Schedule:Compact="ACTIVITY-SCHEDULE-LIVING", Blank Schedule Type Limits Name input -- will not be validated.
   ** Warning ** ProcessScheduleInput: Schedule:Compact="ALWAYS 1", Blank Schedule Type Limits Name input -- will not be validated.
   ** Warning ** ProcessScheduleInput: Schedule:Compact="ALWAYS RADIATOR TEMP", Blank Schedule Type Limits Name input -- will not be validated.
   ** Warning ** ProcessScheduleInput: Schedule:Compact="ALWAYS RADIATOR TEMP PLUS DB", Blank Schedule Type Limits Name input -- will not be validated.
   ** Warning ** ProcessScheduleInput: Schedule:Compact="ALWAYS-SCHEDULE", Blank Schedule Type Limits Name input -- will not be validated.
   ** Warning ** ProcessScheduleInput: Schedule:Compact="BEDROOM-COOLING-SETPOINTS", Blank Schedule Type Limits Name input -- will not be validated.
   ** Warning ** ProcessScheduleInput: Schedule:Compact="BEDROOM-HEATING-SETPOINTS", Blank Schedule Type Limits Name input -- will not be validated.
   ** Warning ** ProcessScheduleInput: Schedule:Compact="COOLING-SETPOINT-SCHEDULE", Blank Schedule Type Limits Name input -- will not be validated.
   ** Warning ** ProcessScheduleInput: Schedule:Compact="EQUIPMENT-SCHEDULE", Blank Schedule Type Limits Name input -- will not be validated.
   ** Warning ** ProcessScheduleInput: Schedule:Compact="HEATING-SETPOINT-SCHEDULE", Blank Schedule Type Limits Name input -- will not be validated.
   ** Warning ** ProcessScheduleInput: Schedule:Compact="LIGHTING-SCHEDULE", Blank Schedule Type Limits Name input -- will not be validated.
   ** Warning ** ProcessScheduleInput: Schedule:Compact="LIVING-COOLING-SETPOINTS", Blank Schedule Type Limits Name input -- will not be validated.
   ** Warning ** ProcessScheduleInput: Schedule:Compact="LIVING-HEATING-SETPOINTS", Blank Schedule Type Limits Name input -- will not be validated.
   ** Warning ** ProcessScheduleInput: Schedule:Compact="MAIN HOT WATER LOOP TEMPERATURE SCHEDULE", Blank Schedule Type Limits Name input -- will not be validated.
   ** Warning ** ProcessScheduleInput: Schedule:Compact="RADIANT-SYSTEM-SCHEDULE", Blank Schedule Type Limits Name input -- will not be validated.
   ** Warning ** ProcessScheduleInput: Schedule:Constant="OUTDOOR CO2 SCHEDULE", Blank Schedule Type Limits Name input -- will not be validated.
   ** Warning ** ProcessScheduleInput: ExternalInterface:Schedule="BEDROOM-THERMOSTAT DUAL SP CONTROL-HEATING-EXT", Blank Schedule Type Limits Name input -- will not be validated.
   ** Warning ** ProcessScheduleInput: ExternalInterface:Schedule="BEDROOM-VENTILATION-EXT", Blank Schedule Type Limits Name input -- will not be validated.
   ** Warning ** ProcessScheduleInput: ExternalInterface:Schedule="LIVING-THERMOSTAT DUAL SP CONTROL-HEATING-EXT", Blank Schedule Type Limits Name input -- will not be validated.
   ** Warning ** ProcessScheduleInput: ExternalInterface:Schedule="LIVING-VENTILATION-EXT", Blank Schedule Type Limits Name input -- will not be validated.
   ** Warning ** CalcSurfaceCentroid: 2 Surfaces have the Z coordinate < 0.
   **   ~~~   ** ...in any calculations, Wind Speed will be 0.0 for these surfaces.
   **   ~~~   ** ...in any calculations, Outside temperatures will be the outside temperature + 9.750E-003 for these surfaces.
   **   ~~~   ** ...that is, these surfaces will have conditions as though at ground level.
   ** Warning ** CheckUsedConstructions: There are 2 nominally unused constructions in input.
   **   ~~~   ** For explicit details on each unused construction, use Output:Diagnostics,DisplayExtraWarnings;
   ** Warning ** Calculated design cooling load for zone=BEDROOM is zero.
   **   ~~~   ** Check Sizing:Zone and ZoneControl:Thermostat inputs.
   ** Warning ** Calculated design cooling load for zone=LIVING is zero.
   **   ~~~   ** Check Sizing:Zone and ZoneControl:Thermostat inputs.
   ************* Beginning Plant Sizing Calculations
   ** Warning ** Check input. Pump nominal power or motor efficiency is set to 0, for pump=MAIN HOT WATER LOOP SUPPLY PUMP
   ************* Testing Individual Branch Integrity
   ************* All Branches passed integrity testing
   ************* Testing Individual Supply Air Path Integrity
   ************* All Supply Air Paths passed integrity testing
   ************* Testing Individual Return Air Path Integrity
   ************* All Return Air Paths passed integrity testing
   ************* No node connection errors were found.
   ************* Beginning Simulation
   ** Severe  ** ExternalInterface: Received end of simulation flag at time = 8760.00 hours.
   ************* Simulation Error Summary *************
   ************* There are 9 unused schedules in input.
   ************* There are 365 unused week schedules in input.
   ************* There are 365 unused day schedules in input.
   ************* Use Output:Diagnostics,DisplayUnusedSchedules; to see them.
   *************
   ************* ===== Final Error Summary =====
   ************* The following error categories occurred.  Consider correcting or noting.
   ************* Nominally Unused Constructions
   ************* ..The nominally unused constructions warning is provided to alert you to potential conditions that can cause
   ************* ..extra time during simulation. Each construction is calculated by the algorithm indicated in the HeatBalanceAlgorithm
   ************* ..object. You may remove the constructions indicated (when you use the DisplayExtraWarnings option).
   *************
   ************* EnergyPlus Warmup Error Summary. During Warmup: 0 Warning; 0 Severe Errors.
   ************* EnergyPlus Sizing Error Summary. During Sizing: 27 Warning; 0 Severe Errors.
   ************* EnergyPlus Completed Successfully-- 28 Warning; 1 Severe Errors; Elapsed Time=00hr 01min 42.85sec
